// Jest Snapshot v1, https://goo.gl/fbAQLP

exports[`Pagination is emitting page changed event 1`] = `
<div
  class="row"
>
  <div
    class="col text-center"
  >
    <button
      class="btn btn-secondary"
      type="button"
    >
      
      Previous
    
    </button>
     
    <button
      class="btn btn-secondary"
      type="button"
    >
      
      Next
    
    </button>
  </div>
</div>
`;
